/opt/scripts/conduit-dev/pipeline.py:43: DeprecationWarning: datetime.datetime.utcnow() is deprecated and scheduled for removal in a future version. Use timezone-aware objects to represent datetimes in UTC: datetime.datetime.now(datetime.UTC).
  run_date = datetime.utcnow().strftime("%Y-%m-%d")
============================================================
  Conduit pipeline — 2026-05-31 UTC
============================================================

=== Fetch (AGSI/ALSI/ENTSOG/National Gas/TTF/weather) ===

📦 EU storage aggregate...
  ✓ EU: 40.09% | 453.5992 TWh

💰 TTF gas price...
  ✓ TTF: 46.00 EUR/MWh (+3.0%)

🗺  Countries...
  ✓ 🇨🇿 Czechia: 36.71%
  ✓ 🇭🇷 Croatia: 29.73%
  ✓ 🇧🇬 Bulgaria: 23.88%
  ✓ 🇦🇹 Austria: 46.02%
  ✓ 🇧🇪 Belgium: 21.57%
  ✓ 🇫🇷 France: 41.23%
  ✓ 🇩🇰 Denmark: 43.98%
  ✓ 🇭🇺 Hungary: 43.58%
  ✓ 🇩🇪 Germany: 32.09%
  ✓ 🇮🇹 Italy: 58.41%
  ✓ 🇳🇱 Netherlands: 15.5%
  ✓ 🇱🇻 Latvia: 32.55%
  ✓ 🇷🇴 Romania: 37.96%
  ✓ 🇵🇱 Poland: 55.84%
  🇬🇧 National Gas (primary)...
    Requesting 34 publication IDs...
  ✓ 🇵🇹 Portugal: 83.33%
  ✓ 🇸🇰 Slovakia: 31.43%
  ✓ 🇪🇸 Spain: 70.35%
  ✓ 🇸🇪 Sweden: 9.95%
    ✓ storage_avail_cap: 32.351 TWh — Storage, Daily Aggregated Available Capacity, D+1
    ✓ storage_inflows: 0.138 TWh — Storage, Daily Aggregated Inflows, D+1
    ✓ storage_outflows: 0.000 TWh — Storage, Daily Aggregated Outflows, D+1
    ✓ storage_stocks: 3.116 TWh — Storage, Daily Aggregated Stock level, D+1
    ✓ storage_long_stock: 0.000 TWh — Storage, Long Range, Stock Levels
    ✓ storage_med_long: 0.000 TWh — Storage, Medium and Long Range, Stock Levels
    ✓ storage_med_stock: 0.000 TWh — Storage, Medium Range, Stock Levels
    ✓ Per-facility inflows: 138.4 GWh (9 sites)
    ✓ Per-facility outflows: 0.0 GWh (9 sites)
    → GB (National Gas): 8.8% | 3.116 TWh / 35.467 TWh WGV
  ✓ 🇺🇦 Ukraine: 21.58%

📈 Seasonality...

  [1/21] EU Aggregate:
    2026: fetching... ✓ 150 days
    2025: fetching... ✓ 365 days
    2024: fetching... ✓ 366 days
    2023: fetching... ✓ 365 days
    2022: fetching... ✓ 365 days
    2021: fetching... ✓ 365 days

  [2/21] Austria:
    2026: fetching... ✓ 150 days
    2025: fetching... ✓ 365 days
    2024: fetching... ✓ 366 days
    2023: fetching... ✓ 365 days
    2022: fetching... ✓ 365 days
    2021: fetching... ✓ 365 days

  [3/21] Belgium:
    2026: fetching... ✓ 150 days
    2025: fetching... ✓ 365 days
    2024: fetching... ✓ 366 days
    2023: fetching... ✓ 365 days
    2022: fetching... ✓ 365 days
    2021: fetching... ✓ 365 days

  [4/21] Bulgaria:
    2026: fetching... ✓ 150 days
    2025: fetching... ✓ 365 days
    2024: fetching... ✓ 366 days
    2023: fetching... ✓ 365 days
    2022: fetching... ✓ 365 days
    2021: fetching... ✓ 365 days

  [5/21] Croatia:
    2026: fetching... ✓ 150 days
    2025: fetching... ✓ 365 days
    2024: fetching... ✓ 366 days
    2023: fetching... ✓ 365 days
    2022: fetching... ✓ 365 days
    2021: fetching... ✓ 365 days

  [6/21] Czechia:
    2026: fetching... ✓ 150 days
    2025: fetching... ✓ 365 days
    2024: fetching... ✓ 366 days
    2023: fetching... ✓ 365 days
    2022: fetching... ✓ 365 days
    2021: fetching... ✓ 365 days

  [7/21] Denmark:
    2026: fetching... ✓ 150 days
    2025: fetching... ✓ 365 days
    2024: fetching... ✓ 366 days
    2023: fetching... ✓ 365 days
    2022: fetching... ✗
    2021: fetching... ✓ 365 days

  [8/21] France:
    2026: fetching... ✓ 150 days
    2025: fetching... ✓ 365 days
    2024: fetching... ✓ 366 days
    2023: fetching... ✓ 365 days
    2022: fetching... ✓ 365 days
    2021: fetching... ✓ 365 days

  [9/21] Germany:
    2026: fetching... ✓ 150 days
    2025: fetching... ✓ 365 days
    2024: fetching... ✓ 366 days
    2023: fetching... ✓ 365 days
    2022: fetching... ✓ 365 days
    2021: fetching... ✓ 365 days

  [10/21] Hungary:
    2026: fetching... ✓ 150 days
    2025: fetching... ✓ 365 days
    2024: fetching... ✓ 366 days
    2023: fetching... ✓ 365 days
    2022: fetching... ✓ 365 days
    2021: fetching... ✓ 365 days

  [11/21] Italy:
    2026: fetching... ✓ 150 days
    2025: fetching... ✓ 365 days
    2024: fetching... ✓ 366 days
    2023: fetching... ✓ 365 days
    2022: fetching... ✓ 365 days
    2021: fetching... ✓ 365 days

  [12/21] Latvia:
    2026: fetching... ✓ 150 days
    2025: fetching... ✓ 365 days
    2024: fetching... ✓ 366 days
    2023: fetching... ✓ 365 days
    2022: fetching... ✓ 365 days
    2021: fetching... ✓ 365 days

  [13/21] Netherlands:
    2026: fetching... ✓ 150 days
    2025: fetching... ✓ 365 days
    2024: fetching... ✓ 366 days
    2023: fetching... EXIT=124
