EU total=1975 nonnull=1975 lastfill=39.74 lastday=2026-05-29
AT total=1910 nonnull=1910 lastfill=45.68 lastday=2026-05-29
BE total=1975 nonnull=1975 lastfill=21.34 lastday=2026-05-29
BG total=1975 nonnull=1975 lastfill=23.74 lastday=2026-05-29
HR total=1975 nonnull=1975 lastfill=29.08 lastday=2026-05-29
CZ total=1975 nonnull=1975 lastfill=36.38 lastday=2026-05-29
DK total=1975 nonnull=1975 lastfill=43.53 lastday=2026-05-29
FR total=1975 nonnull=1975 lastfill=40.69 lastday=2026-05-29
DE total=1975 nonnull=1975 lastfill=31.73 lastday=2026-05-29
HU total=1975 nonnull=1975 lastfill=43.25 lastday=2026-05-29
IT total=1975 nonnull=1975 lastfill=58.07 lastday=2026-05-29
LV total=1975 nonnull=1975 lastfill=32.33 lastday=2026-05-29
NL total=1975 nonnull=1975 lastfill=15.24 lastday=2026-05-29
PL total=1975 nonnull=1975 lastfill=55.45 lastday=2026-05-29
PT total=1975 nonnull=1975 lastfill=82.95 lastday=2026-05-29
RO total=1975 nonnull=1975 lastfill=37.55 lastday=2026-05-29
SK total=1975 nonnull=1975 lastfill=31.12 lastday=2026-05-29
ES total=1975 nonnull=1975 lastfill=70.15 lastday=2026-05-29
SE total=1975 nonnull=1975 lastfill=9.95 lastday=2026-05-29
GB total=1976 nonnull=1976 lastfill=9.2 lastday=2026-05-30
UA total=1975 nonnull=1975 lastfill=21.45 lastday=2026-05-29
